

Running 1 test using 1 worker



[1A[2K[1/1] [chromium] ΓÇ║ tests\aetherlink-no-auth.spec.ts:5:5 ΓÇ║ AI Extract ΓåÆ Create Lead (no-auth mode)

[1A[2K[chromium] ΓÇ║ tests\aetherlink-no-auth.spec.ts:5:5 ΓÇ║ AI Extract ΓåÆ Create Lead (no-auth mode)

Γ£à Page loaded with ?test=true



[1A[2K  1) [chromium] ΓÇ║ tests\aetherlink-no-auth.spec.ts:5:5 ΓÇ║ AI Extract ΓåÆ Create Lead (no-auth mode) ΓöÇΓöÇΓöÇ



    [31mTest timeout of 30000ms exceeded.[39m



    Error: locator.click: Test timeout of 30000ms exceeded.

    Call log:

    [2m  - waiting for getByText('Γ£¿ Create New Lead (with AI Extract)')[22m





      14 |     // 3. Click to expand the "Create New Lead (with AI Extract)" panel

      15 |     const createPanelButton = await page.getByText("Γ£¿ Create New Lead (with AI Extract)");

    > 16 |     await createPanelButton.click();

         |                             ^

      17 |

      18 |     console.log("Γ£à Create panel expanded");

      19 |     await page.waitForTimeout(500);

        at C:\Users\jonmi\OneDrive\Documents\AetherLink\tests\aetherlink-no-auth.spec.ts:16:29



    attachment #1: screenshot (image/png) ΓöÇΓöÇΓöÇΓöÇΓöÇΓöÇΓöÇΓöÇΓöÇΓöÇΓöÇΓöÇΓöÇΓöÇΓöÇΓöÇΓöÇΓöÇΓöÇΓöÇΓöÇΓöÇΓöÇΓöÇΓöÇΓöÇΓöÇΓöÇΓöÇΓöÇΓöÇΓöÇΓöÇΓöÇΓöÇΓöÇΓöÇΓöÇΓöÇΓöÇΓöÇΓöÇΓöÇΓöÇΓöÇΓöÇΓöÇΓöÇΓöÇΓöÇΓöÇΓöÇΓöÇΓöÇΓöÇΓöÇΓöÇΓöÇ

    test-results\aetherlink-no-auth-AI-Extract-ΓåÆ-Create-Lead-no-auth-mode--chromium\test-failed-1.png

    ΓöÇΓöÇΓöÇΓöÇΓöÇΓöÇΓöÇΓöÇΓöÇΓöÇΓöÇΓöÇΓöÇΓöÇΓöÇΓöÇΓöÇΓöÇΓöÇΓöÇΓöÇΓöÇΓöÇΓöÇΓöÇΓöÇΓöÇΓöÇΓöÇΓöÇΓöÇΓöÇΓöÇΓöÇΓöÇΓöÇΓöÇΓöÇΓöÇΓöÇΓöÇΓöÇΓöÇΓöÇΓöÇΓöÇΓöÇΓöÇΓöÇΓöÇΓöÇΓöÇΓöÇΓöÇΓöÇΓöÇΓöÇΓöÇΓöÇΓöÇΓöÇΓöÇΓöÇΓöÇΓöÇΓöÇΓöÇΓöÇΓöÇΓöÇΓöÇΓöÇΓöÇΓöÇΓöÇΓöÇΓöÇΓöÇΓöÇΓöÇΓöÇΓöÇΓöÇΓöÇΓöÇΓöÇΓöÇΓöÇΓöÇΓöÇΓöÇΓöÇΓöÇΓöÇΓöÇΓöÇ



    Error Context: test-results\aetherlink-no-auth-AI-Extract-ΓåÆ-Create-Lead-no-auth-mode--chromium\error-context.md





[1A[2K  1 failed

    [chromium] ΓÇ║ tests\aetherlink-no-auth.spec.ts:5:5 ΓÇ║ AI Extract ΓåÆ Create Lead (no-auth mode) ΓöÇΓöÇΓöÇΓöÇ



[36m  Serving HTML report at http://localhost:9323. Press Ctrl+C to quit.[39m

